  GamePlayScene.cpp
D:\k023g0121\TD4_1\Engine-Develop\project\engine\Scene\BaseScene.h(1,1): warning C4819: ファイルは、現在のコード ページ (932) で表示できない文字を含んでいます。データの損失を防ぐために、ファイルを Unicode 形式で保存してください。
  (ソース ファイル 'src/Game/Scene/GamePlayScene.cpp' をコンパイルしています)
  
D:\k023g0121\TD4_1\Engine-Develop\project\engine\3D\Camera.h(1,1): warning C4819: ファイルは、現在のコード ページ (932) で表示できない文字を含んでいます。データの損失を防ぐために、ファイルを Unicode 形式で保存してください。
  (ソース ファイル 'src/Game/Scene/GamePlayScene.cpp' をコンパイルしています)
  
D:\k023g0121\TD4_1\Engine-Develop\project\Engine\DirectX\ConstBuffer.h(1,1): warning C4819: ファイルは、現在のコード ページ (932) で表示できない文字を含んでいます。データの損失を防ぐために、ファイルを Unicode 形式で保存してください。
  (ソース ファイル 'src/Game/Scene/GamePlayScene.cpp' をコンパイルしています)
  
D:\k023g0121\TD4_1\Engine-Develop\project\Engine\DirectX\DirectXBase.h(1,1): warning C4819: ファイルは、現在のコード ページ (932) で表示できない文字を含んでいます。データの損失を防ぐために、ファイルを Unicode 形式で保存してください。
  (ソース ファイル 'src/Game/Scene/GamePlayScene.cpp' をコンパイルしています)
  
D:\k023g0121\TD4_1\Engine-Develop\project\Engine\Window\MyWindow.h(1,1): warning C4819: ファイルは、現在のコード ページ (932) で表示できない文字を含んでいます。データの損失を防ぐために、ファイルを Unicode 形式で保存してください。
  (ソース ファイル 'src/Game/Scene/GamePlayScene.cpp' をコンパイルしています)
  
D:\k023g0121\TD4_1\Engine-Develop\project\Engine\DirectX\DescriptorHeap.h(1,1): warning C4819: ファイルは、現在のコード ページ (932) で表示できない文字を含んでいます。データの損失を防ぐために、ファイルを Unicode 形式で保存してください。
  (ソース ファイル 'src/Game/Scene/GamePlayScene.cpp' をコンパイルしています)
  
D:\k023g0121\TD4_1\Engine-Develop\project\Engine\DirectX\ShaderManager.h(1,1): warning C4819: ファイルは、現在のコード ページ (932) で表示できない文字を含んでいます。データの損失を防ぐために、ファイルを Unicode 形式で保存してください。
  (ソース ファイル 'src/Game/Scene/GamePlayScene.cpp' をコンパイルしています)
  
D:\k023g0121\TD4_1\Engine-Develop\project\Engine\Util\FPSController.h(1,1): warning C4819: ファイルは、現在のコード ページ (932) で表示できない文字を含んでいます。データの損失を防ぐために、ファイルを Unicode 形式で保存してください。
  (ソース ファイル 'src/Game/Scene/GamePlayScene.cpp' をコンパイルしています)
  
D:\k023g0121\TD4_1\Engine-Develop\project\Engine\DirectX\DirectXUtil.h(1,1): warning C4819: ファイルは、現在のコード ページ (932) で表示できない文字を含んでいます。データの損失を防ぐために、ファイルを Unicode 形式で保存してください。
  (ソース ファイル 'src/Game/Scene/GamePlayScene.cpp' をコンパイルしています)
  
D:\k023g0121\TD4_1\Engine-Develop\project\Engine\Debugger\Logger.h(1,1): warning C4819: ファイルは、現在のコード ページ (932) で表示できない文字を含んでいます。データの損失を防ぐために、ファイルを Unicode 形式で保存してください。
  (ソース ファイル 'src/Game/Scene/GamePlayScene.cpp' をコンパイルしています)
  
D:\k023g0121\TD4_1\Engine-Develop\project\Engine\Util\StringUtil.h(1,1): warning C4819: ファイルは、現在のコード ページ (932) で表示できない文字を含んでいます。データの損失を防ぐために、ファイルを Unicode 形式で保存してください。
  (ソース ファイル 'src/Game/Scene/GamePlayScene.cpp' をコンパイルしています)
  
D:\k023g0121\TD4_1\Engine-Develop\project\Engine\Math\MyMath.h(1,1): warning C4819: ファイルは、現在のコード ページ (932) で表示できない文字を含んでいます。データの損失を防ぐために、ファイルを Unicode 形式で保存してください。
  (ソース ファイル 'src/Game/Scene/GamePlayScene.cpp' をコンパイルしています)
  
D:\k023g0121\TD4_1\Engine-Develop\project\Engine\Math\Float2.h(1,1): warning C4819: ファイルは、現在のコード ページ (932) で表示できない文字を含んでいます。データの損失を防ぐために、ファイルを Unicode 形式で保存してください。
  (ソース ファイル 'src/Game/Scene/GamePlayScene.cpp' をコンパイルしています)
  
D:\k023g0121\TD4_1\Engine-Develop\project\Engine\Math\Float3.h(1,1): warning C4819: ファイルは、現在のコード ページ (932) で表示できない文字を含んでいます。データの損失を防ぐために、ファイルを Unicode 形式で保存してください。
  (ソース ファイル 'src/Game/Scene/GamePlayScene.cpp' をコンパイルしています)
  
D:\k023g0121\TD4_1\Engine-Develop\project\Engine\Math\Float4.h(1,1): warning C4819: ファイルは、現在のコード ページ (932) で表示できない文字を含んでいます。データの損失を防ぐために、ファイルを Unicode 形式で保存してください。
  (ソース ファイル 'src/Game/Scene/GamePlayScene.cpp' をコンパイルしています)
  
D:\k023g0121\TD4_1\Engine-Develop\project\Engine\Math\Matrix.h(1,1): warning C4819: ファイルは、現在のコード ページ (932) で表示できない文字を含んでいます。データの損失を防ぐために、ファイルを Unicode 形式で保存してください。
  (ソース ファイル 'src/Game/Scene/GamePlayScene.cpp' をコンパイルしています)
  
D:\k023g0121\TD4_1\Engine-Develop\project\Engine\Math\Quaternion.h(1,1): warning C4819: ファイルは、現在のコード ページ (932) で表示できない文字を含んでいます。データの損失を防ぐために、ファイルを Unicode 形式で保存してください。
  (ソース ファイル 'src/Game/Scene/GamePlayScene.cpp' をコンパイルしています)
  
D:\k023g0121\TD4_1\Engine-Develop\project\Engine\Math\Matrix3x3.h(1,1): warning C4819: ファイルは、現在のコード ページ (932) で表示できない文字を含んでいます。データの損失を防ぐために、ファイルを Unicode 形式で保存してください。
  (ソース ファイル 'src/Game/Scene/GamePlayScene.cpp' をコンパイルしています)
  
D:\k023g0121\TD4_1\Engine-Develop\project\Engine\Math\QuaternionTransform.h(1,1): warning C4819: ファイルは、現在のコード ページ (932) で表示できない文字を含んでいます。データの損失を防ぐために、ファイルを Unicode 形式で保存してください。
  (ソース ファイル 'src/Game/Scene/GamePlayScene.cpp' をコンパイルしています)
  
D:\k023g0121\TD4_1\Engine-Develop\project\Engine\Math\Transform.h(1,1): warning C4819: ファイルは、現在のコード ページ (932) で表示できない文字を含んでいます。データの損失を防ぐために、ファイルを Unicode 形式で保存してください。
  (ソース ファイル 'src/Game/Scene/GamePlayScene.cpp' をコンパイルしています)
  
D:\k023g0121\TD4_1\Engine-Develop\project\Engine\Collider\CollisionManager.h(1,1): warning C4819: ファイルは、現在のコード ページ (932) で表示できない文字を含んでいます。データの損失を防ぐために、ファイルを Unicode 形式で保存してください。
  (ソース ファイル 'src/Game/Scene/GamePlayScene.cpp' をコンパイルしています)
  
D:\k023g0121\TD4_1\Engine-Develop\project\Engine\Collider\Collider.h(1,1): warning C4819: ファイルは、現在のコード ページ (932) で表示できない文字を含んでいます。データの損失を防ぐために、ファイルを Unicode 形式で保存してください。
  (ソース ファイル 'src/Game/Scene/GamePlayScene.cpp' をコンパイルしています)
  
D:\k023g0121\TD4_1\Engine-Develop\project\Engine\Texture\PostEffectManager.h(1,1): warning C4819: ファイルは、現在のコード ページ (932) で表示できない文字を含んでいます。データの損失を防ぐために、ファイルを Unicode 形式で保存してください。
  (ソース ファイル 'src/Game/Scene/GamePlayScene.cpp' をコンパイルしています)
  
D:\k023g0121\TD4_1\Engine-Develop\project\engine\3D\Object3D.h(1,1): warning C4819: ファイルは、現在のコード ページ (932) で表示できない文字を含んでいます。データの損失を防ぐために、ファイルを Unicode 形式で保存してください。
  (ソース ファイル 'src/Game/Scene/GamePlayScene.cpp' をコンパイルしています)
  
D:\k023g0121\TD4_1\Engine-Develop\project\Engine\Model\ModelManager.h(1,1): warning C4819: ファイルは、現在のコード ページ (932) で表示できない文字を含んでいます。データの損失を防ぐために、ファイルを Unicode 形式で保存してください。
  (ソース ファイル 'src/Game/Scene/GamePlayScene.cpp' をコンパイルしています)
  
D:\k023g0121\TD4_1\Engine-Develop\project\Engine\Texture\TextureManager.h(1,1): warning C4819: ファイルは、現在のコード ページ (932) で表示できない文字を含んでいます。データの損失を防ぐために、ファイルを Unicode 形式で保存してください。
  (ソース ファイル 'src/Game/Scene/GamePlayScene.cpp' をコンパイルしています)
  
D:\k023g0121\TD4_1\Engine-Develop\project\Engine\Texture\SRVManager.h(1,1): warning C4819: ファイルは、現在のコード ページ (932) で表示できない文字を含んでいます。データの損失を防ぐために、ファイルを Unicode 形式で保存してください。
  (ソース ファイル 'src/Game/Scene/GamePlayScene.cpp' をコンパイルしています)
  
D:\k023g0121\TD4_1\Engine-Develop\project\Engine\Util\StructuredBuffer.h(1,1): warning C4819: ファイルは、現在のコード ページ (932) で表示できない文字を含んでいます。データの損失を防ぐために、ファイルを Unicode 形式で保存してください。
  (ソース ファイル 'src/Game/Scene/GamePlayScene.cpp' をコンパイルしています)
  
D:\k023g0121\TD4_1\Engine-Develop\project\Engine\Model\Animation\SkinCluster.h(1,1): warning C4819: ファイルは、現在のコード ページ (932) で表示できない文字を含んでいます。データの損失を防ぐために、ファイルを Unicode 形式で保存してください。
  (ソース ファイル 'src/Game/Scene/GamePlayScene.cpp' をコンパイルしています)
  
D:\k023g0121\TD4_1\Engine-Develop\project\Engine\Model\Animation\Skeleton.h(1,1): warning C4819: ファイルは、現在のコード ページ (932) で表示できない文字を含んでいます。データの損失を防ぐために、ファイルを Unicode 形式で保存してください。
  (ソース ファイル 'src/Game/Scene/GamePlayScene.cpp' をコンパイルしています)
  
D:\k023g0121\TD4_1\Engine-Develop\project\Engine\Model\Animation\AnimationLoader.h(1,1): warning C4819: ファイルは、現在のコード ページ (932) で表示できない文字を含んでいます。データの損失を防ぐために、ファイルを Unicode 形式で保存してください。
  (ソース ファイル 'src/Game/Scene/GamePlayScene.cpp' をコンパイルしています)
  
D:\k023g0121\TD4_1\Engine-Develop\project\engine\3D\LightManager.h(1,1): warning C4819: ファイルは、現在のコード ページ (932) で表示できない文字を含んでいます。データの損失を防ぐために、ファイルを Unicode 形式で保存してください。
  (ソース ファイル 'src/Game/Scene/GamePlayScene.cpp' をコンパイルしています)
  
D:\k023g0121\TD4_1\Engine-Develop\project\engine\2D\Sprite.h(1,1): warning C4819: ファイルは、現在のコード ページ (932) で表示できない文字を含んでいます。データの損失を防ぐために、ファイルを Unicode 形式で保存してください。
  (ソース ファイル 'src/Game/Scene/GamePlayScene.cpp' をコンパイルしています)
  
D:\k023g0121\TD4_1\Engine-Develop\project\Engine\DirectX\PipelineStateManager.h(1,1): warning C4819: ファイルは、現在のコード ページ (932) で表示できない文字を含んでいます。データの損失を防ぐために、ファイルを Unicode 形式で保存してください。
  (ソース ファイル 'src/Game/Scene/GamePlayScene.cpp' をコンパイルしています)
  
D:\k023g0121\TD4_1\Engine-Develop\project\Engine\Util\TimeManager.h(1,1): warning C4819: ファイルは、現在のコード ページ (932) で表示できない文字を含んでいます。データの損失を防ぐために、ファイルを Unicode 形式で保存してください。
  (ソース ファイル 'src/Game/Scene/GamePlayScene.cpp' をコンパイルしています)
  
D:\k023g0121\TD4_1\Engine-Develop\project\engine\Input\Input.h(1,1): warning C4819: ファイルは、現在のコード ページ (932) で表示できない文字を含んでいます。データの損失を防ぐために、ファイルを Unicode 形式で保存してください。
  (ソース ファイル 'src/Game/Scene/GamePlayScene.cpp' をコンパイルしています)
  
  C:\Program Files (x86)\Windows Kits\10\Include\10.0.26100.0\um\dinput.h: DIRECTINPUT_VERSION undefined. Defaulting to version 0x0800
D:\k023g0121\TD4_1\Engine-Develop\project\engine\Sound\SoundManager.h(1,1): warning C4819: ファイルは、現在のコード ページ (932) で表示できない文字を含んでいます。データの損失を防ぐために、ファイルを Unicode 形式で保存してください。
  (ソース ファイル 'src/Game/Scene/GamePlayScene.cpp' をコンパイルしています)
  
D:\k023g0121\TD4_1\Engine-Develop\project\engine\2D\SpriteCommon.h(1,1): warning C4819: ファイルは、現在のコード ページ (932) で表示できない文字を含んでいます。データの損失を防ぐために、ファイルを Unicode 形式で保存してください。
  (ソース ファイル 'src/Game/Scene/GamePlayScene.cpp' をコンパイルしています)
  
D:\k023g0121\TD4_1\Engine-Develop\project\Engine\Wrapper\ImguiWrapper.h(1,1): warning C4819: ファイルは、現在のコード ページ (932) で表示できない文字を含んでいます。データの損失を防ぐために、ファイルを Unicode 形式で保存してください。
  (ソース ファイル 'src/Game/Scene/GamePlayScene.cpp' をコンパイルしています)
  
D:\k023g0121\TD4_1\Engine-Develop\project\Engine\DirectX\RTVManager.h(1,1): warning C4819: ファイルは、現在のコード ページ (932) で表示できない文字を含んでいます。データの損失を防ぐために、ファイルを Unicode 形式で保存してください。
  (ソース ファイル 'src/Game/Scene/GamePlayScene.cpp' をコンパイルしています)
  
D:\k023g0121\TD4_1\Engine-Develop\project\Engine\3D\LightCamera.h(1,1): warning C4819: ファイルは、現在のコード ページ (932) で表示できない文字を含んでいます。データの損失を防ぐために、ファイルを Unicode 形式で保存してください。
  (ソース ファイル 'src/Game/Scene/GamePlayScene.cpp' をコンパイルしています)
  
D:\k023g0121\TD4_1\Engine-Develop\project\Engine\3D\LineDrawer.h(1,1): warning C4819: ファイルは、現在のコード ページ (932) で表示できない文字を含んでいます。データの損失を防ぐために、ファイルを Unicode 形式で保存してください。
  (ソース ファイル 'src/Game/Scene/GamePlayScene.cpp' をコンパイルしています)
  
D:\k023g0121\TD4_1\Engine-Develop\project\Engine\DirectX\ShadowMapManager.h(1,1): warning C4819: ファイルは、現在のコード ページ (932) で表示できない文字を含んでいます。データの損失を防ぐために、ファイルを Unicode 形式で保存してください。
  (ソース ファイル 'src/Game/Scene/GamePlayScene.cpp' をコンパイルしています)
  
D:\k023g0121\TD4_1\Engine-Develop\project\Engine\Model\SkyBoxManager.h(1,1): warning C4819: ファイルは、現在のコード ページ (932) で表示できない文字を含んでいます。データの損失を防ぐために、ファイルを Unicode 形式で保存してください。
  (ソース ファイル 'src/Game/Scene/GamePlayScene.cpp' をコンパイルしています)
  
D:\k023g0121\TD4_1\Engine-Develop\project\Engine\ParticleEffect\ParticleEffectManager.h(1,1): warning C4819: ファイルは、現在のコード ページ (932) で表示できない文字を含んでいます。データの損失を防ぐために、ファイルを Unicode 形式で保存してください。
  (ソース ファイル 'src/Game/Scene/GamePlayScene.cpp' をコンパイルしています)
  
D:\k023g0121\TD4_1\Engine-Develop\project\Engine\ParticleEffect\IParticleEffect.h(1,1): warning C4819: ファイルは、現在のコード ページ (932) で表示できない文字を含んでいます。データの損失を防ぐために、ファイルを Unicode 形式で保存してください。
  (ソース ファイル 'src/Game/Scene/GamePlayScene.cpp' をコンパイルしています)
  
D:\k023g0121\TD4_1\Engine-Develop\project\Engine\Scene\SceneManager.h(1,1): warning C4819: ファイルは、現在のコード ページ (932) で表示できない文字を含んでいます。データの損失を防ぐために、ファイルを Unicode 形式で保存してください。
  (ソース ファイル 'src/Game/Scene/GamePlayScene.cpp' をコンパイルしています)
  
D:\k023g0121\TD4_1\Engine-Develop\project\Engine\Scene\AbstractSceneFactory.h(1,1): warning C4819: ファイルは、現在のコード ページ (932) で表示できない文字を含んでいます。データの損失を防ぐために、ファイルを Unicode 形式で保存してください。
  (ソース ファイル 'src/Game/Scene/GamePlayScene.cpp' をコンパイルしています)
  
D:\k023g0121\TD4_1\Engine-Develop\project\Engine\DirectX\CommandManager.h(1,1): warning C4819: ファイルは、現在のコード ページ (932) で表示できない文字を含んでいます。データの損失を防ぐために、ファイルを Unicode 形式で保存してください。
  (ソース ファイル 'src/Game/Scene/GamePlayScene.cpp' をコンパイルしています)
  
  Application.vcxproj -> D:\k023g0121\TD4_1\Engine-Develop\project\x64\Debug\Application.lib
